Mm, Mm, Mm, Mm, Mm, Mm, Mm, Mm, Mm, Mm, Mm, Gg, Hh, Mm, Mm, Mm, Mm, Mm, Mm, Mm, Mm, Mm, Hhd, Gd^Fetd, Gd^Fetd, Gd^Fetd, Gd^Fetd, Gd^Fetd, Hhd, Gg, Mm, Gg, Ww, Ww, Mm, Mm, Mm, Mm, Mm, Mm
Mm, Mm, Mm, Mm^Xm, Mm, Mm, Mm^Xm, Mm^Xm, Mm, Mm, Hh^Fds, Gg, Hh, Mm, Mm, Mm, Mm, Mm, Mm, Mm, Mm, Mm, Hhd, Gd^Fetd, Gd^Fetd, Gd^Fetd, Gd^Fetd, Gd^Fetd, Hhd, Mm, Mm^Xm, Mm, Ww, Ww, Mm, Mm, Mm, Mm, Mm, Mm
Mm, Mm, Mm, Mm, Mm, Mm, Mm, Mm, Hh^Fds, Hh^Fds, Hh^Fds, Gg, Gg, Hh, Hhd, Mm, Mm, Mm, Hhd, Hhd, Hhd, Hh, Gg, Gd^Fetd, Gg, Gd^Vwsr, Gd^Fetd, Gd^Ecf, Hhd, Mm, Mm, Mm^Xm, Mm^Xm, Ww, Ww, Mm, Mm, Mm, Mm^Xm, Mm
Mm, Mm, Mm, Mm, Mm, Mm, Hh^Fds, Hh^Fds, Hh^Fds, Hh^Fds, Gg, Gg, Ce, Ce, Ce, Hhd, Hh, Hh, Gg, Gd^Fetd, Gg, Gg, Gg, Gg, Ce, Gg, Gg, Gd^Fetd, Hhd, Mm, Mm, Mm, Mm, Mm, Ww, Ww, Gs^Fds, Mm, Mm, Mm
Mm, Mm, Mm, Mm, Mm, Hh^Fds, Hh^Fds, Hh^Fds, Gg, Gg, Gd^Vwsr, Gg, Ce, 4 Ke, Ce, Gs, Gg, Gg^Es, Gg, Gg, Gg, Gg, Gs, Ce, 3 Ke, Ce, Gg^Es, Gg, Gd^Vwsr, Hh, Hh, Mm, Mm, Mm, Ww, Ww, Mm, Mm, Mm, Mm
Mm, Mm, Mm, Mm, Hh^Fds, Hh, Hh^Vwsr, Gg, Gg, Gs, Gg, Gg, Ce, Ce, Ce, Gs, Gg, Gd^Vwsr, Gg, Gg, Gg, Gs^Es, Gs, Ce, Ce, Ce, Gg, Gg, Gg, Gg, Gg, Hh, Hh, Ww, Ww, Mm, Mm, Mm, Mm, Mm
Mm, Mm, Hh^Fds, Hh^Fds, Hh, Gg, Gg, Gg, Gs^Es, Gs, Gg, Gg, Gg, Ce, Gg, Gg, Hh, Gg, Hh, Gg, Gg, Gs, Gg, Ce, Ce, Ce, Hh^Fds, Hh^Fds, Hh^Fds, Gg, Gg, Gg, Ww, Ww, Gs^Fds, Mm, Mm, Mm, Mm, Mm
Hh^Fds, Hh^Fds, Hh^Fds, Hh, Hh^Vwsr, Gg, Gd^Fetd, Gd^Fetd, Gg, Gg, Hh, Gg, Gg, Gg, Gg, Hh, Hh^Fds, Hh, Hh, Gg, Gg^Es, Gg, Gg, Gg, Gs, Gg, Hh^Fds, Hh^Vwsr, Hh^Fds, Hh^Fds, Gg, Gg, Ww, Ww, Gs^Fds, Mm, Mm, Mm, Gs^Fds, Gs^Fds
Hh^Fds, Hh^Fds, Hh, Gg, Gg, Gg, Gg, Gg^Ecf, Hh, Hh, Hh^Fds, Hh, Gg, Gg^Es, Gg, Hh, Hh^Fds, Hh^Fds, Hh, Gg, Gg, Gg, Gd^Fetd, Gg^Ecf, Gg, Gd^Vwsr, Hh^Fds, Hh^Fds, Hh^Fds, Hh^Fds, Gg, Ww, Gg, Gg, Gg, Gs^Fds, Gs^Fds, Gs^Fds, Gs^Fds, Gs^Fds
Ww, Hh, Ww, Ww, Ww, Gg, Gg, Hh, Hh, Hh^Fds, Gg, Gg, Gg, Gd^Fetd, Gd^Fetd, Gg, Gg, Gg, Hh, Gg, Gg, Gd^Fetd, Gd^Fetd, Gd^Fetd, Gd^Fetd, Gg, Gg, Hh^Fds, Gg, Gg, Rp, Ww, Gg, Gs^Fds, Gs^Fds, Gs^Fds, Gs^Fds, Gg, Gg, Gs^Fds
Gs^Fds, Ww, Gs^Fds, Gs^Fds, Gs^Fds, Ww, Ww, Hh, Hh, Hh, Gg, Gd^Vwsr, Gs, Gs^Ecf, Gs, Gg, Gs^Ecf, Gg, Gg, Gg, Gs, Gd^Fetd, Gg^Ecf, Gd^Fetd, Rp, Gs, Rp, Gg, Rp, Rp, Ww, Ww^Bw\r, Rp, Gg, Gs^Fds, Gs^Fds, Gs^Fds, Gg, Gg, Gg
Gs^Fds, Gs^Fds, Gs^Fds, Gs^Fds, Gg, Gg, Ww, Gg, Gg, Gg, Gs, Gs, Gg, Gs^Ecf, Gd^Vwsr, Gg, Gg, Gg, Gs, Gs, Kwr, Gg, Rp, Rp, Kwr, Rp, Gg, Rp, Ww, Ww, Ww, Gg, Rp, Gs^Fds, Gs^Fds, Gs^Fds, Gs^Fds, Gs^Fds, Gg, Gg
Mm, Gs^Fds, Gs^Fds, Gs^Fds, Gg, Gg, Ww, Ww, Gg, Gg, Gg, Gg, Gd^Fetd, Gg, Gg, Gg, Gg, Gg, Gg, Cwr, Gd^Fetd, Cwr, Gg^Bsb|, Cwr, Gd^Fetd, Cwr, Ww, Ww, Wo, Wo, Ww, Gg, Rp, Gg, Gs^Fds, Gg^Vws, Gs^Fds, Gg, Gs^Efm, Gg
Mm, Mm, Mm, Gs^Fds, Gs^Fds, Gg, Gg, Ww, Ww, Ww, Ww, Gs, Gg^Es, Gd^Fetd, Gg, Gg, Ww, Ww, Ww, Ww, Ww, Gd^Fetd, Ww^Bsb|, Gd^Fetd, Ww, Ww, Mm, Ww, Wo, Wo, Ww, Gg, Rp, Gs, Gs^Fds, Gs^Fds, Gg, Gg^Efm, Rp, Gg
Mm, Mm^Xm, Mm, Gs^Fds, Gs^Fds, Gs^Fds, Gg, Gg, Gg, Gg, Ww, Gs, Ww, Gs, Gg, Gg, Ww, Ww, Mm^Xm, Kwr, Ww, Ww, Rrc, Ww, Ww, Kwr, Mm, Ww, Ww, Wo, Ww, Gg, Rp, Gg, Rp, Gg, Rp, Rp, Gg, Rp
Mm, Mm, Mm, Mm, Mm, Gs^Fds, Gs^Fds, Gg, Gs^Es, Gg, Gg, Ww, Gg, Ww, Ww, Ww, Ww, Mm^Xm, Mm, Mm^Xm, Mm, Cwr, Rrc, Cwr, Mm, Mm, Mm, Mm, Mm, Ww, Ww, Gg, Gg^Efm, Rp, Gg, Rp, Hh^Fds, Hh^Fds, Hh^Fds, Gg
Mm, Mm, Mm, Mm^Xm, Mm^Xm, Gs^Fds, Gg, Gg, Gg, Gs, Gs^Efm, Gs^Efm, Gg, Ww, Ww, Ww, Mm^Xm, Mm, Cwr, Cw, Rrc, Rrc, Rrc, Rr^Ecf, Rr^Vwsr, Cw, Cw, Mm, Mm^Xm, Ww, Ww, Gg, Gg, Gg^Efm, Gg, Hh^Fds, Mm, Mm^Xm, Mm, Hh^Fds
Mm, Mm^Xm, Mm^Xm, Mm, Mm, Mm, Gg^Es, Gg, Gg, Gg^Vws, Gs^Gvs, Gs, Gg^Vws, Gg^Efm, Ww, Ww, Ww, Kwr, Cw, Rr^Vwsr, Rr^Ecf, Rr^Vws, Cw, Rrc, Rrc, Rr^Ecf, Cw, Kw, Mm, Mm^Xm, Ww, Ww, Gg, Gg^Efm, Gg, Hh^Fds, Mm, Mm, Mm, Mm
Mm, Mm, Mm, Mm^Xm, Mm, Mm, Gs^Fds, Gg, Gg, Gg^Gvs, Gg^Gvs, Gs^Gvs, Gg^Gvs, Gg, Ww, Wo, Ww, Cwr, Rr^Vwsr, Cw, Kw, Cw, Cw, Cw, Kw, Cw, Rr^Vws, Cw, Mm, Mm^Xm, Ww, Ww, Gg, Gg^Efm, Gg, Hh^Fds, Hh^Fds, Mm, Mm, Mm
Mm, Mm, Mm, Mm, Mm, Mm, Gs^Fds, Gs^Fds, Gg, Gg^Efm, Gg^Efm, Gg^Gvs, Gg, Gg, Ww, Ww, Mm, Cwr, Rrc, Rr^Vws, Cw, Cw, 2 Kw, Cw, Cw, Rr^Vws, Rrc, Cw, Mm, Mm, Ww, Ww, Gg, Gg^Efm, Gg, Hh^Fds, Hh^Fds, Mm, Mm, Mm
Mm, Mm, Mm, Mm, Mm, Gs^Fds, Gs^Fds, Gg, Gg, Gg, Ww, Gg, Ww, Ww, Ww, Mm^Xm, Mm, Cwr, Rr^Vws, Rr^Vws, Kw, Cw, Cw, Cw, Kw, Rr^Vws, Rr^Vws, Cw, Mm, Mm, Ww, Ww, Gg, Gs, Gg, Gg, Hh^Vws, Hh^Fds, Mm, Mm
Mm, Mm, Mm^Xm, Mm^Xm, Mm, Gs^Fds, Ww, Ww, Ww, Gg, Ww, Ww, Mm^Xm, Ww, Mm, Mm, Mm, Cwr, Cw, Cw, Rrc, Cw, Cw, Cw, Rrc, Cw, Cw, Cw, Mm, Mm, Ww, Ww, Gg, Gg, Gs, Gg, Gg, Hh^Fds, Hh^Fds, Mm
Mm, Mm^Xm, Mm, Mm, Ww, Ww, Ww, Gs^Fds, Gs^Fds, Ww, Ww, Kwr, Mm, Mm^Xm, Mm^Xm, Mm, Cwr, Kwr, Cw, Rr^Vws, Rrc, Rr^Vws, Rrc, Rr^Vws, Rrc, Rr^Vws, Cw, Kw, Mm^Xm, Mm, Ww, Ww, Ww, Gg, Gg, Gg, Gg, Gg, Gg, Hh^Fds
Mm, Mm, Mm, Ww, Ww, Ww, Mm^Xm, Gs^Fds, Gs^Fds, Ww, Ww, Cwr, Cwr, Mm, Cwr, Cwr, Ww, Mm, Mm, Cw, Mm, Rrc, Rrc, Rrc, Mm, Cw, Mm, Mm, Mm, Ww, Ww, Wo, Wo, Ww, Ww, Ww, Ww, Gg, Gg, Gg
Ww, Mm, Ww, Ww, Mm, Mm, Mm, Mm, Gs^Fds, Gs^Fds, Gg, Ww, Ww, Kwr, Ww, Ww, Ww, Ww, Ww, Mm, Mm, Cw, Rrc, Cw, Mm, Mm, Mm, Mm, Ww, Ww, Gg, Ww, Ww, Wo, Ww, Ww, Ww, Ww, Ww, Gg
Ww, Ww, Ww, Mm, Mm, Mm, Mm^Xm, Mm, Gs^Fds, Gs^Fds, Gs^Fds, Gg, Ww, Ww, Ds, Ds, Ds, Ww, Ww, Kwr, Ww, Ww, Gll^Bsb|, Ww, Ww, Kw, Ww, Ww, Gg, Gg, Re^Gvs, Gg, Gg, Ww, Gs, Gs, Gg, Ww, Ww, Ww
Mm, Mm, Mm, Mm, Mm, Mm, Mm, Mm, Gs^Fds, Gs^Fds, Gg, Gg, Ww, Ds, Gd^Fetd, Gd^Fetd, Ds, Ww, Gs, Ww^Bsb|, Gg, Ww, Gg^Bsb|, Ww, Ww, Ww^Bsb|, Gg, Gg, Re^Gvs, Re^Gvs, Re^Gvs, Re^Gvs, Re^Gvs, Gs^Wm, Gg^Efm, Gg^Efm, Gg, Gg, Gg, Ww
Mm, Mm, Mm, Mm, Mm, Mm, Mm, Mm, Gs^Fds, Gs^Fds, Gg, Ww, Ds, Ds, Gg^Vws, Ds, Ww, Ww, Gg, Kwr, Cw, Gs, Rp, Gg, Cw, Kw, Gg, Gg^Eff, Gg^Eff, Re^Gvs, Re^Gvs, Re^Gvs, Gg^Eff, Gg^Eff, Gs, Gg^Vws, Gg, Gg, Rp, Gg
Mm, Mm, Mm, Mm, Mm, Mm, Mm, Mm, Mm, Gs^Fds, Gg, Ww, Ds, Gd^Fetd, Gd^Fetd, Ds, Ww, Ww, Gg, Gs, Gg, Kw, Rp, Kw, Gg, Rp, Rp, Gg^Efm, Gg^Efm, Gg^Eff, Gs^Eff, Gg^Eff, Rp, Rp, Rp, Gs, Rp, Rp, Gg, Rp
Gs^Fds, Gs^Fds, Mm, Mm, Mm, Mm, Mm, Mm, Mm, Mm, Gg, Ww, Ww, Ds, Ds, Ds, Ww, Gg, Gg, Gg, Rp, Rp, Hh^Fds, Hh^Fds, Hh^Fds, Hh^Fds, Hh^Fds, Rp, Rp, Rp, Rp, Rp, Gg, Gg, Mm, Rp, Gg, Gg, Gg, Gg
Gs^Fds, Gs^Fds, Gs^Fds, Mm, Mm, Mm, Mm, Mm, Mm, Mm, Gg, Ww, Ww, Ww, Ww, Ww, Ww, Gg, Gg, Gg^Es, Rp, Gg, Gg, Hh^Fds, Hh^Fds, Hh^Fds, Hh^Fds, Hh^Fds, Gg, Gg^Vws, Gg, Gg, Mm, Mm, Mm, Mm^Xm, Mm^Xm, Mm, Mm, Gg
Gs^Fds, Gs^Fds, Ww, Ww, Ww, Mm, Ww, Mm, Mm, Mm, Ww, Ww, Gs^Es, Gg^Es, Gg, Gg, Gg, Gg, Gs, Gs, Rp, Gg, Gg, Hh^Fds, Hh^Fds, Hh^Fds, Hh^Fds, Gg, Gg, Gg, Gg, Mm, Mm, Mm, Mm, Mm, Mm, Mm^Xm, Mm, Mm
Ww, Ww, Gs^Fds, Gs^Fds, Mm^Xm, Ww, Ww, Ww, Ww, Gs^Fds, Ww, Ww, Gs, Gg, Hh, Gg, Hh, Gg, Gg, Rp, Gs^Es, Rp, Gg, Hh^Fds, Hh^Vws, Hh^Fds, Gg, Gg, Gg^Efm, Gg, Gg, Mm, Mm, Mm, Mm, Mm, Mm, Mm, Mm, Mm
Gs^Fds, Gs^Fds, Mm, Mm, Mm, Mm, Mm, Ww, Gg, Ww, Gg, Gs, Gg, Gg, Hh, Hh, Hh, Hh, Gg, Rp, Gg, Rp, Rp, Gg, Gg, Gg^Es, Rp, Gg^Efm, Gg^Efm, Gg^Efm, Gg, Mm, Mm, Mm, Mm, Mm, Mm, Mm, Mm, Mm
Mm, Mm, Mm, Mm, Mm, Mm, Ce, Gs^Fds, Gs^Fds, Gg, Gd^Vwsr, Gg, Gg, Hh, Hh, Hh^Vwsr, Hh, Hh, Gg, Rp, Gg, Gg, Gg, Rp, Rp, Rp, Gg, Rp, Rp, Gg^Efm, Gg, Gg, Mm, Mm, Mm, Mm, Mm, Mm, Mm, Mm
Mm, Mm, Mm, Mm, Mm, Ce, 5 Ke, Ce, Gs^Fds, Gg, Gg, Gg, Hh, Hh, Mm, Hh, Hh, Mm, Rp, Rp, Mm, Gg, Gg, Gg, Gg, Gg^Vws, Gg, Gg^Efm, Gg^Efm, Rp, Gg, Gg, Gg, Mm, Mm, Mm, Mm, Mm, Mm, Mm
Mm, Mm, Mm, Mm, Mm, Ce, Ce, Ce, Gs^Fds, Gs^Fds, Gg, Gg, Gg, Hh, Mm, Mm^Xm, Mm, Mm, Rp, Gg, Gg, Mm^Xm, Gg, Gg, Gg, Gg, Gg, Gg, Gg, Rp, Rp, Gg, Gg, Mm, Mm, Mm, Mm, Mm, Mm, Mm
Hh^Fds, Hh^Fds, Mm, Mm, Mm, Mm, Gs^Fds, Gs^Fds, Gd^Vwsr, Gs^Fds, Gs^Fds, Gg, Gg, Gg, Gg, Gg, Gg, Gg, Rp, Gg, Gg, Mm^Xm, Mm, Gg, Mm, Mm, Mm, Gg, Gg, Gg, Gg, Rp, Rp, Gg, Gg, Mm, Gg, Mm, Mm, Mm
Hh^Fds, Hh^Fds, Hh^Fds, Mm, Hh^Fds, Hh^Fds, Hh^Fds, Gs^Fds, Gs^Fds, Gs^Fds, Gs^Fds, Gg, Mm, Gg, Mm, Gg, Gg, Gg, Rp, Gg, Gg, Gg, Gg, Mm, Mm, Mm^Xm, Mm^Xm, Mm, Mm, Gg, Gg, Gg, Gg, Rp, Rp, Rp, Rp, Gg, Gg, Mm
Hh^Fds, Hh^Fds, Hh^Fds, Hh^Fds, Hh^Fds, Hh^Vwsr, Hh^Fds, Gs^Fds, Gs^Fds, Gs^Fds, Mm, Mm, Mm, Mm, Mm, Mm, Gg, Rp, Cf, Rp, Gg, Gg, Mm, Mm, Mm, Mm, Mm, Mm^Xm, Mm, Gg, Gg, Gg, Gg, Gg, Gg, Gg, Gg, Rp, Rp, Gg
Hh^Fds, Hh^Fds, Hh^Fds, Hh^Fds, Hh^Fds, Hh^Fds, Gs^Fds, Gs^Fds, Gs^Fds, Mm, Mm, Mm^Xm, Mm^Xm, Mm, Mm, Mm, Cf, Rp, Rp, Rp, Cf, Gg, Mm, Mm, Mm, Mm, Mm^Xm, Mm, Mm, Mm, Mm, Mm, Mm, Mm^Xm, Mm, Mm, Mm, Gg, Gg, Rp
Mm, Hh^Fds, Hh^Fds, Hh^Fds, Hh^Fds, Hh^Fds, Mm, Mm^Xm, Mm^Xm, Mm, Mm, Mm, Mm, Mm^Xm, Mm, Cf, Gg, Rp, Cf, Rp, Gg, Cf, Mm, Mm, Mm, Mm, Mm^Xm, Mm^Xm, Mm^Xm, Mm, Mm, Mm, Mm, Mm, Mm, Mm^Xm, Mm, Gg, Gg, Gg
Mm, Mm^Xm, Mm^Xm, Mm, Mm, Mm, Mm, Mm^Xm, Mm^Xm, Mm^Xm, Mm, Mm, Mm, Mm, Mm, Mm, Gg, Cf, 1 Kf, Cf, Gg, Gg, Mm, Mm, Mm, Mm, Mm, Mm^Xm, Mm, Mm, Mm, Mm, Mm, Mm^Xm, Mm^Xm, Mm, Mm, Mm, Gg, Gg
Mm, Mm, Mm, Mm^Xm, Mm, Mm, Mm, Mm, Mm, Mm, Mm, Mm, Mm, Mm, Mm, Mm, Mm, Cf, Cf, Cf, Mm, Mm, Mm, Mm, Mm, Mm, Mm, Mm, Mm, Mm, Mm, Mm^Xm, Mm^Xm, Mm, Mm, Mm^Xm, Mm, Mm, Mm^Xm, Gg
Mm, Mm, Mm, Mm, Mm, Mm^Xm, Mm^Xm, Mm, Mm, Mm, Mm, Mm, Mm, Mm, Mm, Mm, Mm, Mm, Mm, Mm, Mm, Mm, Mm, Mm, Mm, Mm, Mm, Mm, Mm, Mm, Mm, Mm, Mm, Mm, Mm, Mm, Mm, Mm, Mm, Mm
Mm, Mm, Mm, Mm, Mm, Mm, Mm, Mm^Xm, Mm, Mm, Mm, Mm, Mm, Mm, Mm, Mm, Mm, Mm, Mm, Mm, Mm, Mm, Mm, Mm, Mm, Mm, Mm, Mm, Mm, Mm, Mm, Mm, Mm, Mm, Mm, Mm, Mm, Mm, Mm, Mm
Mm, Mm, Mm, Mm, Mm, Mm, Mm, Mm, Mm, Mm, Mm, Mm, Mm, Mm, Mm, Mm, Mm, Mm, Mm, Mm, Mm, Mm, Mm, Mm, Mm, Mm, Mm, Mm, Mm, Mm, Mm, Mm, Mm, Mm, Mm, Mm, Mm, Mm, Mm, Mm
