Wot, Wot, Wot, Wot, Wot, Wot, Wot, Wot, Wot, Wot, Wot, Wot, Wot, Wot, Wot, Wot, Wot, Wot, Wot, Wot, Wot, Wot, Wot, Wot, Wot, Wot, Wot, Wot, Wot, Wot, Wot, Wot, Wot, Wot, Wot, Wot, Wot, Wot, Wot, Wot, Wot, Wot, Wot, Wot, Wot, Wot, Wot, Wot, Wot, Wot, Wot, Wot, Wot, Wot, Wot, Wot, Wot, Wot, Wot, Wot, Wot, Wot, Wot, Wot, Wot, Wot, Wot, Wot, Wot, Wot, Wot, Wot, Wot, Wot, Wot, Wot, Wot, Wot, Wot, Wot, Wot, Wot
Wot, Wot, Wot, Wot, Wot, Wot, Wot, Wot, Wot, Wot, Wot, Wot, Wot, Wot, Wot, Wot, Wot, Wot, Wot, Wot, Wot, Wot, Wot, Wot, Wot, Wot, Wot, Wot, Wot, Wot, Wot, Wot, Wot, Wot, Wot, Wot, Wot, Wot, Wot, Wot, Wot, Wot, Wot, Wot, Wot, Wot, Wot, Wot, Wot, Wot, Wot, Wot, Wot, Wot, Wot, Wot, Wot, Wot, Wot, Wot, Wot, Wot, Wot, Wot, Wot, Wot, Wot, Wot, Wot, Wot, Wot, Wot, Wot, Wot, Wot, Wot, Wot, Wot, Wot, Wot, Wot, Wot
Wot, Wot, Wot, Wot, Wot, Wot, Wot, Wot, Wot, Wot, Wot, Wot, Wot, Wot, Wot, Wot, Wot, Wot, Wot, Wot, Wot, Wot, Wot, Wot, Wot, Wot, Wot, Wot, Wot, Wot, Wot, Wot, Wot, Wot, Wot, Wot, Wot, Wot, Wot, Wot, Wot, Wot, Wot, Wot, Wot, Wot, Wot, Wot, Wot, Wot, Wot, Wot, Wot, Wot, Wot, Wot, Wot, Wot, Wot, Wot, Wot, Wot, Wot, Wot, Wot, Wot, Wot, Wot, Wot, Wot, Wot, Wot, Wot, Wot, Wot, Wot, Wot, Wot, Wot, Wot, Wot, Wot
Wot, Wot, Wot, Wot, Wot, Wot, Wot, Wot, Wot, Wot, Wot, Wot, Wot, Wot, Wot, Wot, Wot, Wot, Wot, Wot, Wot, Wot, Wot, Wot, Wot, Wot, Wot, Wot, Wot, Wot, Wot, Wot, Wot, Wot, Wot, Wot, Wot, Wot, Wot, Wot, Wot, Wot, Wot, Wot, Wot, Wot, Wot, Wot, Wot, Wot, Wot, Wot, Wot, Wot, Wot, Wot, Wot, Wot, Wot, Wot, Wot, Wot, Wot, Wot, Wot, Wot, Wot, Wot, Wot, Wot, Wot, Wot, Wot, Wot, Wot, Wot, Wot, Wot, Wot, Wot, Wot, Wot
Wot, Wot, Wot, Wot, Wot, Wot, Wot, Wot, Wot, Wot, Wot, Wot, Wot, Wot, Wot, Wot, Wot, Wot, Wot, Wot, Wot, Wot, Wot, Wot, Wot, Wot, Wot, Wot, Wot, Wot, Wot, Wot, Wot, Wot, Wot, Wot, Wot, Wot, Wot, Wot, Wot, Wot, Wot, Wot, Wot, Wot, Wot, Wot, Wot, Wot, Wot, Wot, Wot, Wot, Wot, Wot, Wot, Wot, Wot, Wot, Wot, Wot, Wot, Wot, Wot, Wot, Wot, Wot, Wot, Wot, Wot, Wot, Wot, Wot, Wot, Wot, Wot, Wot, Wot, Wot, Wot, Wot
Wot, Wot, Wot, Wot, Wot, Wot, Wot, Wot, Wot, Wot, Wot, Wot, Wot, Wot, Wot, Wot, Wot, Wot, Wot, Wot, Wot, Wot, Wot, Wot, Wot, Wot, Wot, Wot, Wot, Wot, Wot, Wot, Wot, Wot, Wot, Wot, Wot, Wot, Wot, Wot, Wot, Wot, Wot, Wot, Wot, Wot, Wot, Wot, Wot, Wot, Wot, Wot, Wot, Wot, Wot, Wot, Wot, Wot, Wot, Wot, Wot, Wot, Wot, Wot, Wot, Wot, Wot, Wot, Wot, Wot, Wot, Wot, Wot, Wot, Wot, Wot, Wot, Wot, Wot, Wot, Wot, Wot
Wot, Wot, Wot, Wot, Wot, Wot, Wot, Wot, Wot, Wot, Wot, Wot, Wot, Wot, Wot, Wot, Wot, Wot, Wot, Wot, Wot, Wot, Wot, Wot, Wot, Wot, Wot, Wot, Wot, Wot, Wot, Wot, Wot, Wot, Wot, Wot, Wot, Wot, Wot, Wot, Wot, Wot, Wot, Wot, Wot, Wot, Wot, Wot, Wot, Wot, Wot, Wot, Wot, Wot, Wot, Wot, Wot, Wot, Wot, Wot, Wot, Wot, Wot, Wot, Wot, Wot, Wot, Wot, Wot, Wot, Wot, Wot, Wot, Wot, Wot, Wot, Wot, Wot, Wot, Wot, Wot, Wot
Wot, Wot, Wot, Wot, Wot, Wot, Wot, Wot, Wot, Wot, Wot, Wot, Wot, Wot, Wot, Wot, Wot, Wot, Wot, Wot, Wot, Wot, Wot, Wot, Wot, Wot, Wot, Wot, Wot, Wot, Wot, Wot, Wot, Wot, Wot, Wot, Wot, Wot, Wot, Wot, Wot, Wot, Wot, Wot, Wot, Wot, Wot, Wot, Wot, Wot, Wot, Wot, Wot, Wot, Wot, Wot, Wot, Wot, Wot, Wot, Wot, Wot, Wot, Wot, Wot, Wot, Wot, Wot, Wot, Wot, Wot, Wot, Wot, Wot, Wot, Wot, Wot, Wot, Wot, Wot, Wot, Wot
Wot, Wot, Wot, Wot, Wot, Wot, Wot, Wot, Wot, Wot, Wot, Wot, Wot, Wot, Wot, Wot, Wot, Wot, Wot, Wot, Wot, Wot, Wot, Wot, Wot, Wot, Wot, Wot, Wot, Wot, Wot, Wot, Wot, Wot, Wot, Wot, Wot, Wot, Wot, Wot, Wot, Wot, Wot, Wot, Wot, Wot, Wot, Wot, Wot, Wot, Wot, Wot, Wot, Wot, Wot, Wot, Wot, Wot, Wot, Wot, Wot, Wot, Wot, Wot, Wot, Wot, Wot, Wot, Wot, Wot, Wot, Wot, Wot, Wot, Wot, Wot, Wot, Wot, Wot, Wot, Wot, Wot
Wot, Wot, Wot, Wot, Wot, Wot, Wot, Wot, Wot, Wot, Wot, Wot, Wot, Wot, Wot, Wot, Wot, Wot, Wot, Wot, Wot, Wot, Wot, Wot, Wot, Wot, Wot, Wot, Wot, Wot, Wot, Wot, Wot, Wot, Wot, Wot, Wot, Wot, Wot, Wot, Wot, Wot, Wot, Wot, Wot, Wot, Wot, Wot, Wot, Wot, Wot, Wot, Wot, Wot, Wot, Wot, Wot, Wot, Wot, Wot, Wot, Wot, Wot, Wot, Wot, Wot, Wot, Wot, Wot, Wot, Wot, Wot, Wot, Wot, Wot, Wot, Wot, Wot, Wot, Wot, Wot, Wot
Wot, Wot, Wot, Wot, Wot, Wot, Wot, Wot, Wot, Wot, Wot, Wot, Wot, Wot, Wot, Wot, Wot, Wot, Wot, Wot, Wot, Wot, Wot, Wot, Wot, Wot, Wot, Wot, Wot, Wot, Wot, Wot, Wot, Wot, Wot, Wot, Wot, Wot, Wot, Wot, Wot, Wot, Wot, Wot, Wot, Wot, Wot, Wot, Wot, Wot, Wot, Wot, Wot, Wot, Wot, Wot, Wot, Wot, Wot, Wot, Wot, Wot, Wot, Wot, Wot, Wot, Wot, Wot, Wot, Wot, Wot, Wot, Wot, Wot, Wot, Wot, Wot, Wot, Wot, Wot, Wot, Wot
Wot, Wot, Wot, Wot, Wot, Wot, Wot, Wot, Wot, Wot, Wot, Wot, Wot, Wot, Wot, Wot, Wot, Wot, Wot, Wot, Wot, Wot, Wot, Wot, Wot, Wot, Wot, Wot, Wot, Wot, Wot, Wot, Wot, Wot, Wot, Wot, Wot, Wot, Ww^Vm, Wot, Wot, Wot, Wot, Wot, Wot, Wot, Wot, Wot, Wot, Wot, Wot, Wot, Wot, Wot, Wot, Wot, Wot, Wot, Wot, Wot, Wot, Wot, Wot, Wot, Wot, Wot, Wot, Wot, Wot, Wot, Wot, Wot, Wot, Wot, Wot, Wot, Wot, Wot, Wot, Wot, Wot, Wot
Wot, Wot, Wot, Wot, Wot, Wot, Wot, Wot, Wot, Wot, Wot, Wot, Wot, Wot, Wot, Wot, Wot, Wot, Wot, Wot, Wot, Wot, Wot, Wot, Wot, Wot, Wot, Wot, Wot, Wot, Wot, Wot, Wot, Wot, Wot, Wot, Wot, Wot, Wot, Wot, Wot, Wot, Wwt, Wwt, Wwt, Wot, Wot, Wot, Wwt, Wwt, Wwt, Wot, Wot, Wot, Wot, Wot, Wot, Wot, Wot, Wot, Wot, Wot, Wot, Wot, Wot, Wot, Wot, Wot, Wot, Wot, Wot, Wot, Wot, Wot, Wot, Wot, Wot, Wot, Wot, Wot, Wot, Wot
Wot, Wot, Wot, Wot, Wot, Wot, Wot, Wot, Wot, Wot, Wot, Wot, Wot, Wot, Wot, Wot, Wot, Wot, Wot, Wot, Wot, Wot, Wot, Wot, Wot, Wot, Wot, Wot, Wot, Wot, Wot, Wot, Wot, Wot, Wot, Wot, Wot, Wot, Wot, Wot, Wot, Wot, Wwt, Ww^Vm, Wwt, Wwt, Wwt, Wwt, Wwt, Wwt, Wwt, Wwt, Wwt, Wot, Wot, Wot, Wot, Wot, Wot, Wot, Wot, Wot, Wot, Wot, Wot, Wot, Wot, Wot, Wot, Wot, Wot, Wot, Wot, Wot, Wot, Wot, Wot, Wot, Wot, Wot, Wot, Wot
Wot, Wot, Wot, Wot, Wot, Wot, Wot, Wot, Wot, Wot, Wot, Wot, Wot, Wot, Wot, Wot, Wot, Wot, Wot, Wot, Wot, Wot, Wot, Wot, Wot, Wot, Wot, Wot, Wwt, Wot, Wot, Wot, Wwt, Wot, Wot, Ww^Vm, Wot, Wot, Wot, Wot, Wwt, Wwt, Wwt, Wwt, Wwt, Wwt, Ww^Vm, Wwt, Wwt, Wwt, Wwt, Wwt, Wwt, Wwt, Wwt, Wwt, Wwt, Wot, Wot, Wot, Wot, Wot, Wot, Wot, Wot, Wot, Wot, Wot, Wot, Wot, Wot, Wot, Wot, Wot, Wot, Wot, Wot, Wot, Wot, Wot, Wot, Wot
Wot, Wot, Wot, Wot, Wot, Wot, Wot, Wot, Wot, Wot, Wot, Wot, Wot, Wot, Wot, Wot, Wot, Wot, Wot, Wot, Wot, Wot, Wot, Wot, Wot, Wot, Wwt, Wwt, Wwt, Wwt, Wwt, Wwt, Wwt, Wwt, Wwt, Wwt, Wwt, Wot, Wot, Wot, Wwt, Wwt, Wwt, Wwt, Wwt, Wwt, Wwt, Wwt, Wwt, Wwt, Wwt, Wwt, Wwt, Wwt, Wwt, Wwt, Wwt, Wwt, Wwt, Wot, Wot, Wot, Wot, Wot, Wot, Wot, Wot, Wot, Wot, Wot, Wot, Wot, Wot, Wot, Wot, Wot, Wot, Wot, Wot, Wot, Wot, Wot
Wot, Wot, Wot, Wot, Wot, Wot, Wot, Wot, Wot, Wot, Wot, Wot, Wot, Wot, Wot, Wot, Wot, Wot, Wot, Wot, Wot, Wot, Wwt, Wot, Wot, Wot, Wwt, Wwt, Wwt, Wwt, Wwt, Wwt, Wwt, Wwt, Wwt, Wwt, Wwt, Wwt, Wwt, Wwt, Wwt, Wwt, Wwt, Wwt, Wwt, Wwt, Wwt, Wwt, Wwt, Wwt, Wwt, Wwt, Wwt, Wwt, Ds, Wwt, Wwt, Wwt, Wwt, Wwt, Wwt, Wot, Wot, Wot, Wot, Wot, Wot, Wot, Wot, Wot, Wot, Wot, Wot, Wot, Wot, Wot, Wot, Wot, Wot, Wot, Wot, Wot
Wot, Wot, Wot, Wot, Wot, Wot, Wot, Wot, Wot, Wot, Wot, Wot, Wot, Wot, Wot, Wot, Wot, Wot, Wwt, Wot, Wwt, Wwt, Wwt, Wot, Wot, Wot, Wwt, Wwt, Wwt, Ww^Vm, Wwt, Wwt, Wwt, Wwt, Wwt, Wwt, Wwt, Wwt, Wwt, Wwt, Ds, Ds, Ds, Wwt, Wwt, Wwt, Ds, Ds, Ds, Wwt, Wwt, Wwt, Ds, Ds, Dd^Do, Ds, Ds, Wwt, Wwt, Wwt, Wwt, Wwt, Wwt, Wot, Wwrt, Wwrt, Wwrt, Wot, Wot, Wot, Wot, Wot, Wot, Wot, Wot, Wot, Wot, Wot, Wot, Wot, Wot, Wot
Wot, Wot, Wot, Wot, Wot, Wot, Wot, Wot, Wot, Wot, Wot, Wot, Wot, Wot, Wot, Wot, Wot, Wwt, Wwt, Wwt, Wwt, Wwt, Wwt, Wwt, Wot, Uu, Uu, Wwt, Wwt, Wwt, Wwt, Wwt, Wwt, Wwt, Wwt, Wwt, Wwt, Wwt, Ds, Ds, Ce, Ce, Ce, Ds, Wwt, Ds, Dd^Do, Ds, Ds, Ds, Ds, Ds, Ds, Ds, Ds, Ds, Ds, Wwt, Ds, Ds, Ds, Wwt, Wwt, Wwt, Wwt, Wwt, Wwt, Wwrt, Wwrt, Wot, Wot, Wot, Wot, Wot, Wot, Wot, Wot, Wot, Wot, Wot, Wot, Wot
Wot, Wot, Wot, Wot, Wot, Wot, Wot, Wot, Wot, Wot, Wot, Wot, Wot, Wot, Wot, Wot, Wot, Wwt, Wwt, Wwt, Wwt, Wwt, Wwt, Wwt, Wwt, Uu, Uu, Wwt, Ds, Ds, Ds, Wwt, Ds, Ds, Ds, Wwt, Ds, Ds, Ds, Ds, Ce, 1 Ke, Ce, Ds, Ds, Ds, Ds, Ds, Ds, Ds, Ds, Ds, Gll^Ftr, Gll^Ftr, Gll^Ftr, Ds, Ds, Ds, Gll^Ftr, Gll^Ftr, Gll^Ftr, Ds, Wwt, Wwt, Wwt, Ww^Vm, Wwt, Wwt, Wwrt, Wwt, Wwt, Wot, Wot, Wot, Wot, Wot, Wot, Wot, Wot, Wot, Wot, Wot
Wot, Wot, Wot, Wot, Wot, Wot, Wot, Wot, Wot, Wot, Wot, Wot, Wot, Wot, Wot, Wot, Wwt, Wwt, Wwt, Wwt, Wwt, Wwt, Wwt, Wwt, Wwt, Uu, Uu, Ds, Ds, Ds, Ds, Ds, Ds, Ds, Ds, Ds, Gll^Ftr, Gll^Ftr, Gll^Ftr, Ds, Ds, Ce, Ds, Ds, Gll^Ftr, Ds, Gll^Ftr, Gll^Ftr, Gll^Ftr, Ds, Gll^Ftr, Gll^Ftr, Gll^Ftr, Gll^Ftr, Gll^Ftr, Gll^Ftr, Gll^Ftr, Gll^Ftr, Gll^Ftr, Gll^Ftr, Gll^Ftr, Ds, Wwt, Wwt, Wwt, Wwt, Wwt, Wwt, Wwt, Wwrt, Wwrt, Wwt, Wot, Wot, Wot, Wot, Wot, Wot, Wot, Wot, Wot, Wot
Wot, Wot, Wot, Wot, Wot, Wot, Wot, Wot, Wot, Wot, Wot, Wot, Wot, Wot, Wot, Wwt, Wwt, Wwt, Wwt, Wwt, Wwt, Wwt, Wwt, Wwt, Ds, Ds, Uu, Ds, Ds, Ds, Gll^Ftr, Ds, Gll^Ftr, Gll^Ftr, Gll^Ftr, Gll^Ftr, Gll^Ftr, Gll^Ftr, Gll^Ftr, Gll^Ftr, Gll^Ftr, Gll^Ftr, Gll^Ftr, Gll^Ftr, Md, Gll^Ftr, Gll^Ftr, Gll^Ftr, Gll^Ftr, Gll^Ftr, Gll^Ftr, Gll^Ftr, Gll^Ftr, Gll^Ftr, Gll^Ftr, Gll^Ftr, Gll^Ftr, Gll^Ftr, Gll^Ftr, Gll^Ftr, Ds, Ds, Wwt, Wwt, Ds, Wwt, Wwt, Wwt, Wwt, Wwt, Wwt, Wwt, Wot, Wot, Wot, Wot, Wot, Wot, Wot, Wot, Wot, Wot
Wot, Wot, Wot, Wot, Wot, Wot, Wot, Wot, Wot, Wot, Wot, Wot, Wot, Wot, Wot, Wwt, Wwt, Wwt, Wwt, Wwt, Wwt, Wwt, Wwt, Ds, Dd^Do, Ds, Ds, Uu, Uu, Gll^Ftr, Md, Gll^Ftr, Md, Mv, Mv, Md, Md, Gll^Ftr, Md, Md, Md, Md, Md, Md, Md, Gll^Ftr, Gll^Ftr, Gll^Ftr, Gll^Ftr, Gll^Ftr, Gll^Ftr, Gll^Ftr, Md, Gll^Ftr, Md, Md, Md, Gll^Ftr, Gll^Ftr, Ds, Wwt, Wwt, Wwt, Wwt, Ds, Ds, Ds, Wwt, Wwt, Wot, Wot, Wot, Wot, Wot, Wot, Wot, Wot, Wot, Wot, Wot, Wot, Wot
Wot, Wot, Wot, Wot, Wot, Wot, Wot, Wot, Wot, Wot, Wot, Wot, Wot, Wot, Wot, Wwt, Wwt, Wwt, Wwt, Wwt, Wwt, Ds, Ds, Ds, Ds, Ds, Gll^Ftr, Gll^Ftr, Md, Mv, Md, Md, Md, Md, Md, Mv, Md, Md, Md, Md, Md, Md, Md, Md, Md, Md, Md, Md, Md, Gll^Ftr, Md, Md, Md, Mv, Md, Md, Mv, Md, Ds, Ds, Wwt, Wwt, Ds, Ds, Hd, Hd, Ds, Wwt, Wwt, Wot, Wwt, Wot, Wot, Wot, Wot, Wot, Wot, Wot, Wot, Wot, Wot, Wot
Wot, Wot, Wot, Wot, Wot, Wot, Wot, Wot, Wot, Wot, Wot, Wot, Wot, Wot, Wwt, Wwt, Wwt, Wwt, Wwt, Wwt, Ds, Ds, Ds, Ds, Gll^Ftr, Gll^Ftr, Md, Md, Md, Md, Md, Mv, Md, Md, Gll^Ftr, Md, Md, Md, Md, Md, Md, Md, Md, Md, Md, Md, Md, Md, Mv, Md, Md, Md, Md, Md, Md, Md, Md, Md, Ds, Wwt, Wwt, Wwt, Ds, Hd, Hd, Ds, Ds, Wwt, Wwt, Wwt, Wwt, Wwt, Wot, Wot, Wot, Wot, Wot, Wot, Wot, Wot, Wot, Wot
Wot, Wot, Wot, Wot, Wot, Wot, Wot, Wot, Wot, Wot, Wot, Wot, Wot, Wot, Wwt, Wwt, Wwt, Wwt, Wwt, Ds, Ds, Ds, Gll^Ftr, Gll^Ftr, Md, Md, Md, Md, Md, Md, Md, Md, Uu, Gll^Ftr, Uu, Uu, Gll^Ftr, Md, Md, Md, Gll^Ftr, Md, Gll^Ftr, Md, Gll^Ftr, Md, Md, Md, Md, Md, Md, Md, Md, Md, Md, Md, Md, Md, Ds, Wwt, Ds, Ds, Md, Hd, Ds, Ds, Wwt, Wwt, Wwt, Wwrt, Wwrt, Wwt, Wwt, Wot, Wot, Wot, Wot, Wot, Wot, Wot, Wot, Wot
Wot, Wot, Wot, Wot, Wot, Wot, Wot, Wot, Wot, Wot, Wot, Wot, Wot, Wot, Wwt, Wwt, Wwt, Wwt, Wwt, Ds, Ds, Ds, Gll^Ftr, Md, Md, Md, Md, Md, Gll^Ftr, Gll^Ftr, Gll^Ftr, Gll^Ftr, Gll^Ftr, Uu, Uu, Gll^Ftr, Gll^Ftr, Gll^Ftr, Gll^Ftr, Gll^Ftr, Gll^Ftr, Gll^Ftr, Gll^Ftr, Gll^Ftr, Gll^Ftr, Gll^Ftr, Gll^Ftr, Gll^Ftr, Gll^Ftr, Md, Gll^Ftr, Md, Md, Md, Gll^Ftr, Gll^Ftr, Ds, Ds, Wwt, Wwt, Ds, Md, Md, Md, Ds, Wwt, Wwt, Wwt, Wwt, Wwt, Wwrt, Wwt, Wwt, Wot, Wot, Wot, Wot, Wot, Wot, Wot, Wot, Wot
Wot, Wot, Wot, Wot, Wot, Wot, Wot, Wot, Wot, Wot, Wot, Wot, Wot, Wot, Wwt, Wwt, Wwt, Wwt, Wwt, Ds, Ds, Gll^Ftr, Md, Md, Md, Md, Gll^Ftr, Gll^Ftr, Gll^Ftr, Gll^Ftr, Gll^Ftr, Gll^Ftr, Gll^Ftr, Gll^Ftr, Uu, Gll^Ftr, Gll^Ftr, Gll^Ftr, Gll^Ftr, Gll^Ftr, Gll^Ftr, Gll^Ftr, Gll^Ftr, Gll^Ftr, Gll^Ftr, Gll^Ftr, Gll^Ftr, Gll^Ftr, Gll^Ftr, Gll^Ftr, Gll^Ftr, Gll^Ftr, Gll^Ftr, Gll^Ftr, Gll^Ftr, Gll^Ftr, Ds, Ds, Wwt, Wwt, Ds, Md, Mv, Md, Gll^Ftr, Ds, Ds, Wwt, Wwt, Wot, Wot, Wwt, Wot, Wot, Wot, Wot, Wot, Wot, Wot, Wot, Wot, Wot
Wot, Wot, Wot, Wot, Wot, Wot, Wot, Wot, Wot, Wot, Wot, Wot, Wot, Wwt, Wwt, Ww^Vm, Wwt, Wwt, Ds, Ds, Ds, Gll^Ftr, Md, Mv, Md, Md, Gll^Ftr, Gll^Ftr, Gll^Ftr, Gll^Ftr, Gll^Ftr, Gll^Ftr, Gll^Ftr, Gll^Ftr, Uu, Gll, Gll, Gll^Ftr, Gll^Ftr, Gll^Ftr, Gll^Ftr, Gll^Ftr, Gll^Ftr, Gll^Ftr, Gll^Ftr, Gll^Ftr, Gll^Ftr, Gll^Ftr, Gll^Ftr, Gll^Ftr, Gll^Ftr, Gll^Ftr, Gll^Ftr, Gll^Ftr, Ds, Ds, Wwt, Wwt, Ds, Ds, Gll^Ftr, Md, Md, Md, Gll^Ftr, Ds, Ds, Wwt, Wwt, Wwt, Wwt, Wot, Wot, Wot, Wot, Wot, Wot, Wot, Wot, Wot, Wot, Wot
Wot, Wot, Wot, Wot, Wot, Wot, Wot, Wot, Wot, Wot, Wot, Wot, Wwt, Wwt, Wwt, Wwt, Wwt, Wwt, Ds, Ds, Gll^Ftr, Gll^Ftr, Md, Md, Md, Gll^Ftr, Gll^Ftr, Gll^Ftr, Gll^Ftr, Gll^Ftr, Gll^Ftr, Gll, Gll, Gll, Uu, Gll, Ds, Gll, Gll, Gll^Ftr, Gll^Ftr, Gll^Ftr, Gll, Gll, Gll, Gll^Ftr, Gll, Gll^Ftr, Gll, Gll, Gll, Gll, Ds, Ds, Wwt, Wwt, Wwt, Wwt, Ds, Gll^Ftr, Gll^Ftr, Md, Md, Md, Gll^Ftr, Gll^Ftr, Ds, Wwt, Wwt, Wwt, Wwt, Wot, Wot, Wot, Wot, Wot, Wot, Wot, Wot, Wot, Wot, Wot
Wot, Wot, Wot, Wot, Wot, Wot, Wot, Wot, Wot, Wot, Wot, Wot, Wwt, Wwt, Wwt, Wwt, Wwt, Ds, Ds, Ds, Gll^Ftr, Md, Md, Md, Md, Gll^Ftr, Gll^Ftr, Gll^Ftr, Gll, Gll^Ftr, Gll, Gll, Ds, Ds, Uu, Uu, Wwt, Ds, Ds, Gll, Gll, Gll, Gll, Gll, Ds, Gll, Ds, Gll, Ds, Gll, Ds, Ds, Wwt, Wwt, Cm, Cm, Cm, Ds, Gll^Ftr, Gll^Ftr, Md, Mv, Md, Md, Gll^Ftr, Ds, Wwt, Wwt, Wwt, Wwt, Wwt, Wot, Wot, Wot, Wot, Wot, Wot, Wot, Wot, Wot, Wot, Wot
Wot, Wot, Wot, Wot, Wot, Wot, Wot, Wot, Wot, Wot, Wot, Wot, Wwt, Wwt, Wwt, Wwt, Wwt, Ds, Ds, Gll^Ftr, Gll^Ftr, Md, Md, Md, Gll^Ftr, Gll^Ftr, Gll^Ftr, Gll^Ftr, Gll^Ftr, Gll, Gll, Ds, Ds, Wwt, Uu, Uu, Uu, Wwt, Wwt, Ds, Ds, Ds, Ds, Ds, Wwt, Ds, Wwt, Ds, Wwt, Ds, Wwt, Wwt, Wwt, Wwt, Cm, 3 Km, Ds, Ds, Gll^Ftr, Md, Md, Md, Md, Md, Gll^Ftr, Ds, Ds, Wwt, Wwt, Wwt, Wwt, Wwt, Wwt, Wot, Wot, Wot, Wot, Wot, Wot, Wot, Wot, Wot
Wot, Wot, Wot, Wot, Wot, Wot, Wot, Wot, Wot, Wot, Wot, Wot, Wwt, Wwt, Wwt, Wwt, Wwt, Ds, Ds, Gll^Ftr, Gll^Ftr, Md, Md, Md, Md, Gll^Ftr, Gll^Ftr, Gll^Ftr, Gll^Ftr, Gll, Gll, Ds, Wwt, Wwt, Wwt, Uu, Wwt, Wwt, Wwt, Wwt, Wwt, Wwt, Wwt, Ds, Wwt, Wwt, Wwt, Wwt, Wwt, Wwt, Wwt, Wwt, Wwt, Wwt, Wwt, Cm, Ds, Gll^Ftr, Md, Md, Md, Md, Gll^Ftr, Gll^Ftr, Gll^Ftr, Gll^Ftr, Ds, Ds, Wwt, Wwt, Wwt, Wwt, Wwt, Wot, Wot, Wot, Wot, Wot, Wot, Wot, Wot, Wot
Wot, Wot, Wot, Wot, Wot, Wot, Wot, Wot, Wot, Wot, Wot, Wot, Wwt, Wwt, Wwt, Wwt, Wwt, Ds, Ds, Ds, Gll^Ftr, Md, Md, Md, Md, Md, Md, Gll^Ftr, Gll^Ftr, Gll^Ftr, Gll, Ds, Wwt, Wwt, Wwt, Wwt, Wwt, Wwt, Wwt, Wwt, Wwt, Wwt, Ds, Ds, Wwt, Wwt, Wwrt, Wwt, Wwrt, Wwrt, Wwt, Wwt, Wwt, Wwt, Wwt, Wwt, Ds, Gll^Ftr, Md, Md, Md, Md, Gll^Ftr, Gll^Ftr, Gll^Ftr, Gll^Ftr, Ds, Ds, Wwt, Wwt, Wot, Wwt, Wot, Wot, Wot, Wot, Wot, Wot, Wot, Wot, Wot, Wot
Wot, Wot, Wot, Wot, Wot, Wot, Wot, Wot, Wot, Wot, Wot, Wot, Wwt, Wwt, Wwt, Wwt, Wwt, Ds, Ds, Ds, Ds, Gll^Ftr, Gll^Ftr, Md, Md, Md, Md, Gll^Ftr, Gll^Ftr, Gll^Ftr, Gll, Ds, Ds, Wwt, Wwt, Wwt, Wwt, Wwt, Wwrt, Ww^Vm, Wwt, Wwt, Wwt, Wwt, Wwt, Wwrt, Wwt, Wwrt, Wwt, Wwrt, Wwt, Wwt, Wwt, Ww^Vm, Wwt, Ds, Gll^Ftr, Gll^Ftr, Md, Mv, Md, Gll^Ftr, Ds, Ds, Ds, Ds, Ds, Ds, Wwt, Wwt, Wwt, Wot, Wot, Wot, Wot, Wot, Wot, Wot, Wot, Wot, Wot, Wot
Wot, Wot, Wot, Wot, Wot, Wot, Wot, Wot, Wot, Wot, Wot, Wot, Wot, Wwt, Wwt, Wwt, Wwt, Wwt, Wwt, Wwt, Wwt, Ds, Ds, Gll^Ftr, Gll^Ftr, Md, Gll^Ftr, Gll^Ftr, Gll, Gll, Ds, Ds, Wwt, Ds, Wwt, Wwt, Wwrt, Wwrt, Wwt, Wwt, Wwt, Ds, Ds, Wwt, Wwt, Wwt, Wwt, Wwt, Wwt, Wwt, Ds, Wwt, Wwt, Wwt, Wwt, Ds, Gll^Ftr, Md, Md, Md, Md, Gll^Ftr, Ds, Ds, Wwt, Ds, Wwt, Wwt, Wwt, Wwt, Wwt, Wot, Wot, Wot, Wot, Wot, Wot, Wot, Wot, Wot, Wot, Wot
Wot, Wot, Wot, Wot, Wot, Wot, Wot, Wot, Wot, Wot, Wot, Wot, Wot, Wwt, Wwt, Wwt, Wwt, Wwt, Wwt, Wwt, Wwt, Ds, Wwt, Ds, Ds, Gll^Ftr, Gll^Ftr, Gll^Ftr, Ds, Ds, Wwt, Wwt, Wwt, Ds, Wwt, Wwt, Wwrt, Wwt, Wwt, Wwt, Wwt, Wwt, Cm, Wwt, Cm, Wwt, Wwt, Ww^Vm, Wwt, Wwt, Wwt, Ds, Wwt, Wwt, Ds, Ds, Gll^Ftr, Md, Mv, Md, Gll^Ftr, Gll^Ftr, Ds, Wwt, Wwt, Wwt, Wwt, Wwt, Wwt, Wwt, Wwt, Wot, Wot, Wot, Wot, Wot, Wot, Wot, Wot, Wot, Wot, Wot
Wot, Wot, Wot, Wot, Wot, Wot, Wot, Wot, Wot, Wot, Wot, Wot, Wot, Wwt, Wwt, Wwt, Wwt, Ww^Vm, Wwt, Wwt, Wwt, Wwt, Wwt, Wwt, Wwt, Ds, Ds, Ds, Wwt, Wwt, Uu, Wwt, Wwt, Wwt, Wwt, Wwt, Wwt, Wwt, Wwt, Wwt, Wwrt, Wot, Wwt, Km, Wot, Wwrt, Wwt, Wwt, Wwt, Wwt, Wwt, Wwt, Wwt, Wwt, Ds, Gll^Ftr, Md, Md, Mv, Md, Gll^Ftr, Gll^Ftr, Ds, Wwt, Ds, Wwt, Wwt, Wwt, Wwt, Wwt, Wwt, Wwt, Wot, Wot, Wot, Wot, Wot, Wot, Wot, Wot, Wot, Wot
Wot, Wot, Wot, Wot, Wot, Wot, Wot, Wot, Wot, Wot, Wot, Wot, Wot, Wwt, Wwt, Wwt, Wwt, Wwt, Wwt, Wwt, Ds, Wwt, Wwt, Wwt, Wwt, Wwt, Wwt, Wwt, Wwt, Uu, Qlf, Uu, Uu, Wwt, Wwt, Wwt, Wwt, Wwt, Cm, Wot, Ww^Vm, Wwrt, Wot, Wot, Wwrt, Wwrt, Wot, Cm, Km, Wwt, Wwt, Wwrt, Wwt, Wwt, Ds, Gll^Ftr, Md, Md, Md, Md, Gll^Ftr, Gll^Ftr, Hd, Ds, Hd, Ds, Ds, Wwt, Wwt, Wwt, Wwt, Wwt, Wot, Wot, Wot, Wot, Wot, Wot, Wot, Wot, Wot, Wot
Wot, Wot, Wot, Wot, Wot, Wot, Wot, Wot, Wot, Wot, Wot, Wot, Wot, Wot, Wot, Wwt, Wwt, Wwt, Wwt, Wwt, Ds, Ds, Ds, Wwt, Ds, Wwt, Wwt, Wwt, Uu, Uu, Qlf, Uu, Wwt, Wwt, Wwt, Wwt, Wwt, Km, Wot, Wot, Wot, Wwrt, Cm, Cm, Cm, Wot, Wot, Wot, Cm, Wwt, Wwrt, Wwrt, Wwt, Wwt, Ds, Gll^Ftr, Gll^Ftr, Md, Md, Md, Ds, Hd, Hd, Hd, Hd, Hd, Ds, Wwt, Wwt, Wwt, Wwt, Wwt, Wot, Wot, Wot, Wot, Wot, Wot, Wot, Wot, Wot, Wot
Wot, Wot, Wot, Wot, Wot, Wot, Wot, Wot, Wot, Wot, Wot, Wot, Wot, Wot, Wot, Wot, Wwt, Wwt, Wwt, Wwt, Ds, Dd^Do, Ds, Ds, Ds, Wwt, Ds, Uu, Qlf, Qlf, Uu, Uu, Wwt, Wwt, Ww^Vm, Wwt, Wwt, Cm, Wot, Wot, Wot, Cm, Cm, 2 Km, Cm, Cm, Wot, Wot, Wot, Wwt, Wwt, Wwt, Wwt, Wwt, Ds, Ds, Ds, Gll^Ftr, Gll^Ftr, Gll^Ftr, Ds, Ds, Ds, Hd, Hd, Ds, Ds, Wwt, Wwt, Wwt, Wwt, Wot, Wot, Wot, Wot, Wot, Wot, Wot, Wot, Wot, Wot, Wot
Wot, Wot, Wot, Wot, Wot, Wot, Wot, Wot, Wot, Wot, Wot, Wot, Wot, Wot, Wot, Wwt, Wwt, Wwt, Wwt, Wwt, Wwt, Ds, Gll^Ftr, Gll^Ftr, Md, Ds, Qlf, Qlf, Ds, Uu, Wwt, Wwt, Wwt, Wwt, Wwt, Wwt, Wwt, Wwt, Wot, Ww^Vm, Wwrt, Cm, Cm, Cm, Cm, Cm, Wwrt, Wwrt, Wwrt, Wwt, Wwt, Wwt, Wwt, Wwt, Wwt, Ds, Wwt, Ds, Ds, Ds, Wwt, Wwt, Wwt, Ds, Ds, Ds, Wwt, Wwt, Wwt, Wwt, Wwt, Wot, Wot, Wot, Wot, Wot, Wot, Wot, Wot, Wot, Wot, Wot
Wot, Wot, Wot, Wot, Wot, Wot, Wot, Wot, Wot, Wot, Wot, Wot, Wot, Wot, Wot, Wwt, Wwt, Wwt, Wwt, Wwt, Wwt, Ds, Gll^Ftr, Md, Mv, Qlf, Md, Ds, Ds, Ds, Ds, Wwt, Wwt, Wwt, Wwt, Wwt, Cm, Wot, Wot, Wot, Wwrt, Wot, Wot, Cm, Wot, Wot, Ww^Vm, Wot, Cm, Wwt, Wwt, Wwt, Wwt, Wwt, Wwt, Wwt, Wwt, Wwt, Wwt, Wwt, Wwt, Wwt, Wwt, Wwt, Wwt, Wwt, Wwt, Wwt, Wwt, Wwt, Wwt, Wot, Wot, Wot, Wot, Wot, Wot, Wot, Wot, Wot, Wot, Wot
Wot, Wot, Wot, Wot, Wot, Wot, Wot, Wot, Wot, Wot, Wot, Wot, Wot, Wot, Wot, Wwt, Wwt, Wwt, Wwt, Wwt, Wwt, Ds, Gll^Ftr, Md, Md, Md, Md, Gll^Ftr, Gll^Ftr, Gll, Ds, Ds, Ds, Ds, Wwt, Wwt, Km, Wot, Wot, Wot, Wot, Wwrt, Wwrt, Wot, Wwrt, Wot, Wot, Wot, Km, Wwt, Wwt, Wwrt, Wwt, Wwt, Ww^Vm, Wwt, Wwt, Wwt, Gll^Ftr, Gll^Ftr, Ds, Wwt, Ds, Wwt, Wwt, Wwt, Wwt, Wwt, Wwt, Wwt, Wwt, Wot, Wot, Wot, Wot, Wot, Wot, Wot, Wot, Wot, Wot, Wot
Wot, Wot, Wot, Wot, Wot, Wot, Wot, Wot, Wot, Wot, Wot, Wot, Wot, Wot, Wot, Wwt, Wwt, Wwt, Wwt, Wwt, Wwt, Ds, Gll^Ftr, Gll^Ftr, Md, Mv, Md, Gll^Ftr, Gll^Ftr, Gll, Gll, Ds, Wwt, Ds, Wwt, Wwt, Wwt, Cm, Wwt, Wwt, Wwt, Wwt, Wwt, Wot, Wot, Wwrt, Wot, Cm, Wwt, Wwt, Wwrt, Wwt, Wwt, Wwt, Wwt, Wwt, Ds, Gll^Ftr, Md, Mv, Md, Ds, Hd, Ds, Ds, Wwt, Wwt, Wwt, Wwt, Wwt, Wot, Wot, Wot, Wot, Wot, Wot, Wot, Wot, Wot, Wot, Wot, Wot
Wot, Wot, Wot, Wot, Wot, Wot, Wot, Wot, Wot, Wot, Wot, Wot, Wot, Wot, Wot, Wot, Wot, Wwt, Wwt, Wwt, Wwt, Ds, Gll^Ftr, Gll^Ftr, Md, Md, Md, Gll^Ftr, Gll^Ftr, Gll^Ftr, Gll, Ds, Ds, Wwt, Wwt, Wwt, Wwrt, Wwt, Wwrt, Wwt, Wwt, Wwt, Cm, Wot, Cm, Wot, Wwt, Wwt, Wwt, Wwt, Wwt, Wwt, Wwt, Wwt, Wwt, Wwt, Ds, Gll^Ftr, Md, Md, Md, Gll^Ftr, Hd, Hd, Hd, Ds, Ds, Wwt, Wwt, Wwt, Wwt, Wot, Wot, Wot, Wot, Wot, Wot, Wot, Wot, Wot, Wot, Wot
Wot, Wot, Wot, Wot, Wot, Wot, Wot, Wot, Wot, Wot, Wot, Wot, Wot, Wot, Wot, Wot, Wot, Wwt, Wwt, Wwt, Wwt, Ds, Ds, Gll^Ftr, Md, Md, Md, Gll^Ftr, Gll^Ftr, Gll^Ftr, Gll, Ds, Ds, Wwt, Wwt, Wwt, Wwt, Wwt, Wwt, Wwrt, Wwt, Wwrt, Wwt, Km, Wwt, Wwt, Ds, Wwt, Wwt, Wwrt, Wwt, Ww^Vm, Wwt, Wwt, Ds, Ds, Cme, Gll^Ftr, Md, Md, Md, Gll^Ftr, Hd, Hd, Hd, Hd, Ds, Wwt, Wwt, Wwt, Wwt, Wot, Wot, Wot, Wot, Wot, Wot, Wot, Wot, Wot, Wot, Wot
Wot, Wot, Wot, Wot, Wot, Wot, Wot, Wot, Wot, Wot, Wot, Wot, Wot, Wot, Wot, Wot, Wot, Wot, Wwt, Wwt, Wwt, Wwt, Ds, Gll^Ftr, Md, Md, Md, Md, Gll^Ftr, Gll^Ftr, Gll^Ftr, Gll, Ds, Wwt, Wwt, Wwt, Wwt, Wwt, Wwt, Wwt, Wwt, Wwt, Wwrt, Wwt, Wwt, Wwt, Wwt, Ds, Wwt, Wwt, Wwt, Wwt, Wwt, Wwt, Ds, Cme, 4 Kme, Gll^Ftr, Md, Md, Md, Gll^Ftr, Gll^Ftr, Hd, Ds, Ds, Wwt, Wwt, Wwt, Wwt, Wwt, Wot, Wot, Wot, Wot, Wot, Wot, Wot, Wot, Wot, Wot, Wot
Wot, Wot, Wot, Wot, Wot, Wot, Wot, Wot, Wot, Wot, Wot, Wot, Wot, Wot, Wot, Wot, Wot, Wot, Wwt, Wwt, Wwt, Wwt, Ds, Gll^Ftr, Gll^Ftr, Md, Md, Md, Gll^Ftr, Gll^Ftr, Gll^Ftr, Gll, Gll^Ftr, Ds, Wwt, Wwt, Wwt, Ww^Vm, Wwt, Wwt, Wwt, Wwt, Wwt, Wwt, Wwt, Wwt, Ww^Vm, Wwt, Ds, Ds, Ds, Wwt, Wwt, Wwt, Ds, Cme, Cme, Gll^Ftr, Md, Md, Mv, Md, Md, Gll^Ftr, Ds, Wwt, Wwt, Wwt, Wwt, Wwt, Wwt, Wwt, Wot, Wot, Wot, Wot, Wot, Wot, Wot, Wot, Wot, Wot
Wot, Wot, Wot, Wot, Wot, Wot, Wot, Wot, Wot, Wot, Wot, Wot, Wot, Wot, Wot, Wot, Wot, Wot, Wwt, Wwt, Wwt, Wwt, Wwt, Ds, Gll^Ftr, Md, Md, Md, Gll^Ftr, Gll^Ftr, Gll^Ftr, Gll^Ftr, Gll^Ftr, Ds, Ds, Wwt, Wwt, Wwt, Wwt, Wwt, Wwt, Wwt, Wwt, Wwt, Wwt, Wwt, Wwt, Wwt, Wwt, Wwt, Ds, Wwt, Wwt, Wwt, Ds, Gll^Ftr, Gll^Ftr, Gll^Ftr, Gll^Ftr, Md, Md, Md, Md, Gll^Ftr, Gll^Ftr, Ds, Wwt, Wwt, Wwt, Wwt, Wwt, Wwt, Wot, Wot, Wot, Wot, Wot, Wot, Wot, Wot, Wot, Wot
Wot, Wot, Wot, Wot, Wot, Wot, Wot, Wot, Wot, Wot, Wot, Wot, Wot, Wot, Wot, Wot, Wot, Wot, Wwt, Wwt, Wwt, Wwt, Wwt, Ds, Gll^Ftr, Md, Mv, Md, Gll^Ftr, Gll^Ftr, Gll^Ftr, Gll^Ftr, Gll^Ftr, Gll^Ftr, Ds, Ds, Ds, Wwt, Uu, Uu, Uu, Wwt, Wwt, Wwt, Wwt, Wwt, Wwt, Wwt, Wwt, Wwt, Ds, Ds, Ds, Ds, Ds, Gll^Ftr, Gll^Ftr, Gll^Ftr, Md, Md, Mv, Md, Md, Gll^Ftr, Gll^Ftr, Ds, Wwt, Wwt, Wot, Wwt, Wot, Wot, Wot, Wot, Wot, Wot, Wot, Wot, Wot, Wot, Wot, Wot
Wot, Wot, Wot, Wot, Wot, Wot, Wot, Wot, Wot, Wot, Wot, Wot, Wot, Wot, Wot, Wot, Wot, Wwt, Wwt, Wwt, Wwt, Wwt, Wwt, Ds, Ds, Md, Md, Md, Md, Gll^Ftr, Gll^Ftr, Gll^Ftr, Gll^Ftr, Gll^Ftr, Gll^Ftr, Gll^Ftr, Gll^Ftr, Ds, Uu, Uu, Uu, Wwt, Wwt, Wwt, Wwt, Wwt, Wwt, Wwt, Ds, Ds, Gll, Ds, Gll, Ds, Ds, Gll^Ftr, Gll^Ftr, Gll^Ftr, Mv, Mv, Md, Md, Gll^Ftr, Gll^Ftr, Ds, Ds, Wwt, Wwt, Wwt, Wwt, Wwt, Wot, Wot, Wot, Wot, Wot, Wot, Wot, Wot, Wot, Wot, Wot
Wot, Wot, Wot, Wot, Wot, Wot, Wot, Wot, Wot, Wot, Wot, Wot, Wot, Wot, Wot, Wot, Wot, Wwt, Wwt, Wwt, Wwt, Wwt, Wwt, Ds, Ds, Md, Md, Md, Md, Gll^Ftr, Gll^Ftr, Gll^Ftr, Gll^Ftr, Gll^Ftr, Gll^Ftr, Gll^Ftr, Uu, Uu, Ds, Uu, Wwt, Wwt, Wwt, Wwt, Wwt, Wwt, Ds, Ds, Gll, Gll, Gll, Gll, Gll, Gll, Ds, Gll^Ftr, Gll^Ftr, Md, Md, Md, Md, Gll^Ftr, Ds, Ds, Wwt, Wwt, Wwt, Wwt, Wwt, Wwt, Wwt, Wot, Wot, Wot, Wot, Wot, Wot, Wot, Wot, Wot, Wot, Wot
Wot, Wot, Wot, Wot, Wot, Wot, Wot, Wot, Wot, Wot, Wot, Wot, Wot, Wot, Wot, Wot, Wot, Wot, Wot, Wwt, Wwt, Wwt, Wwt, Wwt, Wwt, Ds, Md, Md, Md, Md, Md, Gll^Ftr, Gll^Ftr, Gll^Ftr, Uu, Uu, Gll^Ftr, Gll^Ftr, Gll^Ftr, Ds, Wwt, Wwt, Wwt, Wwt, Wwt, Wwt, Ds, Gll, Gll^Ftr, Gll^Ftr, Gll^Ftr, Gll^Ftr, Gll^Ftr, Gll^Ftr, Md, Ds, Md, Md, Md, Md, Gll^Ftr, Gll^Ftr, Ds, Ds, Wwt, Wwt, Wwt, Wwt, Wwt, Wwt, Wot, Wot, Wot, Wot, Wot, Wot, Wot, Wot, Wot, Wot, Wot, Wot
Wot, Wot, Wot, Wot, Wot, Wot, Wot, Wot, Wot, Wot, Wot, Wot, Wot, Wot, Wot, Wot, Wot, Wot, Wot, Wwt, Wwt, Wwt, Wwt, Wwt, Wwt, Ds, Ds, Md, Md, Mv, Md, Md, Mv, Uu, Uu, Gll^Ftr, Gll^Ftr, Gll^Ftr, Gll^Ftr, Ds, Wwt, Wwt, Wwt, Wwt, Wwt, Ds, Gll^Ftr, Gll^Ftr, Gll^Ftr, Gll^Ftr, Gll^Ftr, Gll^Ftr, Gll^Ftr, Md, Md, Md, Md, Mv, Md, Md, Gll^Ftr, Ds, Ds, Ds, Wwt, Wwt, Wwt, Wwt, Wwt, Wwt, Wot, Wot, Wot, Wot, Wot, Wot, Wot, Wot, Wot, Wot, Wot, Wot
Wot, Wot, Wot, Wot, Wot, Wot, Wot, Wot, Wot, Wot, Wot, Wot, Wot, Wot, Wot, Wot, Wot, Wot, Wot, Wot, Wwt, Wwt, Wwt, Wwt, Wwt, Wwt, Ds, Ds, Md, Md, Md, Md, Md, Mv, Md, Gll^Ftr, Gll^Ftr, Gll^Ftr, Gll^Ftr, Ds, Ds, Wwt, Wwt, Wwt, Wwt, Ds, Gll^Ftr, Gll^Ftr, Md, Md, Md, Md, Md, Md, Mv, Md, Md, Md, Gll^Ftr, Gll^Ftr, Ds, Ds, Ds, Ds, Wwt, Wwt, Wwt, Wwt, Wwt, Wot, Wot, Wot, Wot, Wot, Wot, Wot, Wot, Wot, Wot, Wot, Wot, Wot
Wot, Wot, Wot, Wot, Wot, Wot, Wot, Wot, Wot, Wot, Wot, Wot, Wot, Wot, Wot, Wot, Wot, Wot, Wot, Wot, Wot, Wwt, Wwt, Wwt, Wwt, Wwt, Ds, Wwt, Ds, Md, Gll^Ftr, Md, Md, Md, Md, Md, Mv, Gll^Ftr, Gll^Ftr, Gll^Ftr, Ds, Wwt, Wwt, Wwt, Wwt, Ds, Gll^Ftr, Md, Md, Mv, Md, Md, Md, Md, Md, Md, Gll^Ftr, Gll^Ftr, Ds, Ds, Ds, Ds, Wwt, Wwt, Wwt, Wwt, Wwt, Wwt, Wot, Wot, Wot, Wot, Wot, Wot, Wot, Wot, Wot, Wot, Wot, Wot, Wot, Wot
Wot, Wot, Wot, Wot, Wot, Wot, Wot, Wot, Wot, Wot, Wot, Wot, Wot, Wot, Wot, Wot, Wot, Wot, Wot, Wot, Wot, Wot, Wwt, Wwt, Wwt, Wwt, Wwt, Wwt, Wwt, Ds, Ds, Md, Md, Md, Md, Md, Md, Mv, Mv, Gll^Ftr, Ds, Ds, Wwt, Wwt, Wwt, Ds, Gll^Ftr, Md, Md, Md, Md, Md, Md, Md, Gll^Ftr, Gll^Ftr, Ds, Ds, Ds, Ds, Wwt, Wwt, Wwt, Wwt, Wwt, Wwt, Wwt, Wwt, Wot, Wot, Wot, Wot, Wot, Wot, Wot, Wot, Wot, Wot, Wot, Wot, Wot, Wot
Wot, Wot, Wot, Wot, Wot, Wot, Wot, Wot, Wot, Wot, Wot, Wot, Wot, Wot, Wot, Wot, Wot, Wot, Wot, Wot, Wot, Wot, Wwt, Wwt, Wwt, Wwt, Wwt, Wwt, Wwt, Wwt, Wwt, Ds, Wwt, Ds, Ds, Md, Md, Md, Md, Md, Md, Ds, Wwt, Wwt, Wwt, Ds, Gll^Ftr, Gll^Ftr, Gll^Ftr, Uu, Gll^Ftr, Gll^Ftr, Gll^Ftr, Gll^Ftr, Gll^Ftr, Gll^Ftr, Ds, Ds, Ds, Wwt, Wwt, Wwt, Wwt, Wwt, Wwt, Wwt, Wwt, Wot, Wot, Wot, Wot, Wot, Wot, Wot, Wot, Wot, Wot, Wot, Wot, Wot, Wot, Wot
Wot, Wot, Wot, Wot, Wot, Wot, Wot, Wot, Wot, Wot, Wot, Wot, Wot, Wot, Wot, Wot, Wot, Wot, Wot, Wot, Wot, Wot, Wot, Wwt, Wwt, Wwt, Wwt, Wwt, Wwt, Wwt, Wwt, Wwt, Wwt, Wwt, Ds, Gll^Ftr, Gll^Ftr, Md, Md, Md, Md, Ds, Wwt, Wwt, Wwt, Ds, Ds, Gll^Ftr, Ds, Uu, Gll^Ftr, Gll^Ftr, Ds, Ds, Ds, Ds, Ds, Ds, Wwt, Wwt, Wwt, Wwt, Wwt, Wwt, Wwt, Wwt, Wot, Wot, Wot, Wot, Wot, Wot, Wot, Wot, Wot, Wot, Wot, Wot, Wot, Wot, Wot, Wot
Wot, Wot, Wot, Wot, Wot, Wot, Wot, Wot, Wot, Wot, Wot, Wot, Wot, Wot, Wot, Wot, Wot, Wot, Wot, Wot, Wot, Wot, Wot, Wot, Wot, Wwt, Wwt, Wwt, Wwt, Wwt, Wwt, Wwt, Wwt, Wwt, Ds, Ds, Ds, Ds, Ds, Md, Gll^Ftr, Ds, Wwt, Wwt, Wwt, Ds, Wwt, Ds, Wwt, Uu, Ds, Ds, Wwt, Wwt, Wwt, Ds, Wwt, Ds, Wwt, Wwt, Wwt, Wwt, Wwt, Wwt, Wot, Wot, Wot, Wot, Wot, Wot, Wot, Wot, Wot, Wot, Wot, Wot, Wot, Wot, Wot, Wot, Wot, Wot
Wot, Wot, Wot, Wot, Wot, Wot, Wot, Wot, Wot, Wot, Wot, Wot, Wot, Wot, Wot, Wot, Wot, Wot, Wot, Wot, Wot, Wot, Wot, Wot, Wot, Wot, Wot, Wwt, Wwt, Wwt, Wwt, Wwt, Wwt, Wwt, Wwt, Wwt, Ds, Ds, Wwt, Ds, Ds, Ds, Wwt, Wwt, Wwt, Wwt, Wwt, Wwt, Uu, Uu, Uu, Wwt, Wwt, Wwt, Wwt, Wwt, Wwt, Wwt, Wwt, Wwt, Wwt, Wwt, Wot, Wot, Wot, Wot, Wot, Wot, Wot, Wot, Wot, Wot, Wot, Wot, Wot, Wot, Wot, Wot, Wot, Wot, Wot, Wot
Wot, Wot, Wot, Wot, Wot, Wot, Wot, Wot, Wot, Wot, Wot, Wot, Wot, Wot, Wot, Wot, Wot, Wot, Wot, Wot, Wot, Wot, Wot, Wot, Wot, Wot, Wot, Wot, Wot, Wot, Wwt, Wwt, Wwt, Wwt, Wwt, Wwt, Wwt, Wwt, Wwt, Cm, 5 Km, Cm, Cm, Wwt, Wwt, Ww^Vm, Wwt, Wwt, Uu, Uu, Uu, Wwt, Wwt, Wwt, Wwt, Wwt, Wwt, Wwt, Wwt, Wwt, Wwt, Wot, Wot, Wot, Wot, Wot, Wot, Wot, Wot, Wot, Wot, Wot, Wot, Wot, Wot, Wot, Wot, Wot, Wot, Wot, Wot, Wot
Wot, Wot, Wot, Wot, Wot, Wot, Wot, Wot, Wot, Wot, Wot, Wot, Wot, Wot, Wot, Wot, Wot, Wot, Wot, Wot, Wot, Wot, Wot, Wot, Wot, Wot, Wot, Wot, Wot, Wot, Wot, Wwt, Wwt, Wwt, Wwt, Wwt, Wwt, Wwt, Wwt, Cm, Cm, Cm, Wwt, Wwt, Wwt, Wwt, Wwt, Wwt, Wwt, Uu, Wwt, Wwt, Wwt, Wwt, Wwt, Wwt, Wwt, Wwt, Wwt, Wwt, Wot, Wot, Wot, Wot, Wot, Wot, Wot, Wot, Wot, Wot, Wot, Wot, Wot, Wot, Wot, Wot, Wot, Wot, Wot, Wot, Wot, Wot
Wot, Wot, Wot, Wot, Wot, Wot, Wot, Wot, Wot, Wot, Wot, Wot, Wot, Wot, Wot, Wot, Wot, Wot, Wot, Wot, Wot, Wot, Wot, Wot, Wot, Wot, Wot, Wot, Wot, Wot, Wot, Wot, Wot, Wwt, Wot, Wwt, Ww^Vm, Wwt, Wwt, Wwt, Wwt, Wwt, Wwt, Wwt, Wwt, Wwt, Wwt, Wwt, Wot, Wot, Wwt, Wwt, Wwt, Wwt, Wot, Wwt, Wot, Wwt, Wot, Wot, Wot, Wot, Wot, Wot, Wot, Wot, Wot, Wot, Wot, Wot, Wot, Wot, Wot, Wot, Wot, Wot, Wot, Wot, Wot, Wot, Wot, Wot
Wot, Wot, Wot, Wot, Wot, Wot, Wot, Wot, Wot, Wot, Wot, Wot, Wot, Wot, Wot, Wot, Wot, Wot, Wot, Wot, Wot, Wot, Wot, Wot, Wot, Wot, Wot, Wot, Wot, Wot, Wot, Wot, Wot, Wot, Wot, Wot, Wot, Wot, Wot, Wwt, Wot, Wwt, Wwt, Wwt, Wot, Wwt, Wot, Wot, Wot, Wot, Wot, Wwt, Wot, Wot, Wot, Wot, Wot, Wot, Wot, Wot, Wot, Wot, Wot, Wot, Wot, Wot, Wot, Wot, Wot, Wot, Wot, Wot, Wot, Wot, Wot, Wot, Wot, Wot, Wot, Wot, Wot, Wot
Wot, Wot, Wot, Wot, Wot, Wot, Wot, Wot, Wot, Wot, Wot, Wot, Wot, Wot, Wot, Wot, Wot, Wot, Wot, Wot, Wot, Wot, Wot, Wot, Wot, Wot, Wot, Wot, Wot, Wot, Wot, Wot, Wot, Wot, Wot, Wot, Wot, Wot, Wot, Wot, Wot, Wot, Wot, Wot, Wot, Wot, Wot, Ww^Vm, Wot, Wot, Wot, Wot, Wot, Wot, Wot, Wot, Wot, Wot, Wot, Wot, Wot, Wot, Wot, Wot, Wot, Wot, Wot, Wot, Wot, Wot, Wot, Wot, Wot, Wot, Wot, Wot, Wot, Wot, Wot, Wot, Wot, Wot
Wot, Wot, Wot, Wot, Wot, Wot, Wot, Wot, Wot, Wot, Wot, Wot, Wot, Wot, Wot, Wot, Wot, Wot, Wot, Wot, Wot, Wot, Wot, Wot, Wot, Wot, Wot, Wot, Wot, Wot, Wot, Wot, Wot, Wot, Wot, Wot, Wot, Wot, Wot, Wot, Wot, Wot, Wot, Wot, Wot, Wot, Wot, Wot, Wot, Wot, Wot, Wot, Wot, Wot, Wot, Wot, Wot, Wot, Wot, Wot, Wot, Wot, Wot, Wot, Wot, Wot, Wot, Wot, Wot, Wot, Wot, Wot, Wot, Wot, Wot, Wot, Wot, Wot, Wot, Wot, Wot, Wot
Wot, Wot, Wot, Wot, Wot, Wot, Wot, Wot, Wot, Wot, Wot, Wot, Wot, Wot, Wot, Wot, Wot, Wot, Wot, Wot, Wot, Wot, Wot, Wot, Wot, Wot, Wot, Wot, Wot, Wot, Wot, Wot, Wot, Wot, Wot, Wot, Wot, Wot, Wot, Wot, Ww^Vm, Wot, Wot, Wot, Wot, Wot, Wot, Wot, Wot, Wot, Wot, Wot, Wot, Wot, Wot, Wot, Wot, Wot, Wot, Wot, Wot, Wot, Wot, Wot, Wot, Wot, Wot, Wot, Wot, Wot, Wot, Wot, Wot, Wot, Wot, Wot, Wot, Wot, Wot, Wot, Wot, Wot
Wot, Wot, Wot, Wot, Wot, Wot, Wot, Wot, Wot, Wot, Wot, Wot, Wot, Wot, Wot, Wot, Wot, Wot, Wot, Wot, Wot, Wot, Wot, Wot, Wot, Wot, Wot, Wot, Wot, Wot, Wot, Wot, Wot, Wot, Wot, Wot, Wot, Wot, Wot, Wot, Wot, Wot, Wot, Wot, Wot, Wot, Wot, Wot, Wot, Wot, Wot, Wot, Wot, Wot, Wot, Wot, Wot, Wot, Wot, Wot, Wot, Wot, Wot, Wot, Wot, Wot, Wot, Wot, Wot, Wot, Wot, Wot, Wot, Wot, Wot, Wot, Wot, Wot, Wot, Wot, Wot, Wot
Wot, Wot, Wot, Wot, Wot, Wot, Wot, Wot, Wot, Wot, Wot, Wot, Wot, Wot, Wot, Wot, Wot, Wot, Wot, Wot, Wot, Wot, Wot, Wot, Wot, Wot, Wot, Wot, Wot, Wot, Wot, Wot, Wot, Wot, Wot, Wot, Wot, Wot, Wot, Wot, Wot, Wot, Wot, Wot, Wot, Wot, Wot, Wot, Wot, Wot, Wot, Wot, Wot, Wot, Wot, Wot, Wot, Wot, Wot, Wot, Wot, Wot, Wot, Wot, Wot, Wot, Wot, Wot, Wot, Wot, Wot, Wot, Wot, Wot, Wot, Wot, Wot, Wot, Wot, Wot, Wot, Wot
Wot, Wot, Wot, Wot, Wot, Wot, Wot, Wot, Wot, Wot, Wot, Wot, Wot, Wot, Wot, Wot, Wot, Wot, Wot, Wot, Wot, Wot, Wot, Wot, Wot, Wot, Wot, Wot, Wot, Wot, Wot, Wot, Wot, Wot, Wot, Wot, Wot, Wot, Wot, Wot, Wot, Wot, Wot, Wot, Wot, Wot, Wot, Wot, Wot, Wot, Wot, Wot, Wot, Wot, Wot, Wot, Wot, Wot, Wot, Wot, Wot, Wot, Wot, Wot, Wot, Wot, Wot, Wot, Wot, Wot, Wot, Wot, Wot, Wot, Wot, Wot, Wot, Wot, Wot, Wot, Wot, Wot
Wot, Wot, Wot, Wot, Wot, Wot, Wot, Wot, Wot, Wot, Wot, Wot, Wot, Wot, Wot, Wot, Wot, Wot, Wot, Wot, Wot, Wot, Wot, Wot, Wot, Wot, Wot, Wot, Wot, Wot, Wot, Wot, Wot, Wot, Wot, Wot, Wot, Wot, Wot, Wot, Wot, Wot, Wot, Wot, Wot, Wot, Wot, Wot, Wot, Wot, Wot, Wot, Wot, Wot, Wot, Wot, Wot, Wot, Wot, Wot, Wot, Wot, Wot, Wot, Wot, Wot, Wot, Wot, Wot, Wot, Wot, Wot, Wot, Wot, Wot, Wot, Wot, Wot, Wot, Wot, Wot, Wot
Wot, Wot, Wot, Wot, Wot, Wot, Wot, Wot, Wot, Wot, Wot, Wot, Wot, Wot, Wot, Wot, Wot, Wot, Wot, Wot, Wot, Wot, Wot, Wot, Wot, Wot, Wot, Wot, Wot, Wot, Wot, Wot, Wot, Wot, Wot, Wot, Wot, Wot, Wot, Wot, Wot, Wot, Wot, Wot, Wot, Wot, Wot, Wot, Wot, Wot, Wot, Wot, Wot, Wot, Wot, Wot, Wot, Wot, Wot, Wot, Wot, Wot, Wot, Wot, Wot, Wot, Wot, Wot, Wot, Wot, Wot, Wot, Wot, Wot, Wot, Wot, Wot, Wot, Wot, Wot, Wot, Wot
Wot, Wot, Wot, Wot, Wot, Wot, Wot, Wot, Wot, Wot, Wot, Wot, Wot, Wot, Wot, Wot, Wot, Wot, Wot, Wot, Wot, Wot, Wot, Wot, Wot, Wot, Wot, Wot, Wot, Wot, Wot, Wot, Wot, Wot, Wot, Wot, Wot, Wot, Wot, Wot, Wot, Wot, Wot, Wot, Wot, Wot, Wot, Wot, Wot, Wot, Wot, Wot, Wot, Wot, Wot, Wot, Wot, Wot, Wot, Wot, Wot, Wot, Wot, Wot, Wot, Wot, Wot, Wot, Wot, Wot, Wot, Wot, Wot, Wot, Wot, Wot, Wot, Wot, Wot, Wot, Wot, Wot
Wot, Wot, Wot, Wot, Wot, Wot, Wot, Wot, Wot, Wot, Wot, Wot, Wot, Wot, Wot, Wot, Wot, Wot, Wot, Wot, Wot, Wot, Wot, Wot, Wot, Wot, Wot, Wot, Wot, Wot, Wot, Wot, Wot, Wot, Wot, Wot, Wot, Wot, Wot, Wot, Wot, Wot, Wot, Wot, Wot, Wot, Wot, Wot, Wot, Wot, Wot, Wot, Wot, Wot, Wot, Wot, Wot, Wot, Wot, Wot, Wot, Wot, Wot, Wot, Wot, Wot, Wot, Wot, Wot, Wot, Wot, Wot, Wot, Wot, Wot, Wot, Wot, Wot, Wot, Wot, Wot, Wot
Wot, Wot, Wot, Wot, Wot, Wot, Wot, Wot, Wot, Wot, Wot, Wot, Wot, Wot, Wot, Wot, Wot, Wot, Wot, Wot, Wot, Wot, Wot, Wot, Wot, Wot, Wot, Wot, Wot, Wot, Wot, Wot, Wot, Wot, Wot, Wot, Wot, Wot, Wot, Wot, Wot, Wot, Wot, Wot, Wot, Wot, Wot, Wot, Wot, Wot, Wot, Wot, Wot, Wot, Wot, Wot, Wot, Wot, Wot, Wot, Wot, Wot, Wot, Wot, Wot, Wot, Wot, Wot, Wot, Wot, Wot, Wot, Wot, Wot, Wot, Wot, Wot, Wot, Wot, Wot, Wot, Wot
Wot, Wot, Wot, Wot, Wot, Wot, Wot, Wot, Wot, Wot, Wot, Wot, Wot, Wot, Wot, Wot, Wot, Wot, Wot, Wot, Wot, Wot, Wot, Wot, Wot, Wot, Wot, Wot, Wot, Wot, Wot, Wot, Wot, Wot, Wot, Wot, Wot, Wot, Wot, Wot, Wot, Wot, Wot, Wot, Wot, Wot, Wot, Wot, Wot, Wot, Wot, Wot, Wot, Wot, Wot, Wot, Wot, Wot, Wot, Wot, Wot, Wot, Wot, Wot, Wot, Wot, Wot, Wot, Wot, Wot, Wot, Wot, Wot, Wot, Wot, Wot, Wot, Wot, Wot, Wot, Wot, Wot
Wot, Wot, Wot, Wot, Wot, Wot, Wot, Wot, Wot, Wot, Wot, Wot, Wot, Wot, Wot, Wot, Wot, Wot, Wot, Wot, Wot, Wot, Wot, Wot, Wot, Wot, Wot, Wot, Wot, Wot, Wot, Wot, Wot, Wot, Wot, Wot, Wot, Wot, Wot, Wot, Wot, Wot, Wot, Wot, Wot, Wot, Wot, Wot, Wot, Wot, Wot, Wot, Wot, Wot, Wot, Wot, Wot, Wot, Wot, Wot, Wot, Wot, Wot, Wot, Wot, Wot, Wot, Wot, Wot, Wot, Wot, Wot, Wot, Wot, Wot, Wot, Wot, Wot, Wot, Wot, Wot, Wot
Wot, Wot, Wot, Wot, Wot, Wot, Wot, Wot, Wot, Wot, Wot, Wot, Wot, Wot, Wot, Wot, Wot, Wot, Wot, Wot, Wot, Wot, Wot, Wot, Wot, Wot, Wot, Wot, Wot, Wot, Wot, Wot, Wot, Wot, Wot, Wot, Wot, Wot, Wot, Wot, Wot, Wot, Wot, Wot, Wot, Wot, Wot, Wot, Wot, Wot, Wot, Wot, Wot, Wot, Wot, Wot, Wot, Wot, Wot, Wot, Wot, Wot, Wot, Wot, Wot, Wot, Wot, Wot, Wot, Wot, Wot, Wot, Wot, Wot, Wot, Wot, Wot, Wot, Wot, Wot, Wot, Wot
Wot, Wot, Wot, Wot, Wot, Wot, Wot, Wot, Wot, Wot, Wot, Wot, Wot, Wot, Wot, Wot, Wot, Wot, Wot, Wot, Wot, Wot, Wot, Wot, Wot, Wot, Wot, Wot, Wot, Wot, Wot, Wot, Wot, Wot, Wot, Wot, Wot, Wot, Wot, Wot, Wot, Wot, Wot, Wot, Wot, Wot, Wot, Wot, Wot, Wot, Wot, Wot, Wot, Wot, Wot, Wot, Wot, Wot, Wot, Wot, Wot, Wot, Wot, Wot, Wot, Wot, Wot, Wot, Wot, Wot, Wot, Wot, Wot, Wot, Wot, Wot, Wot, Wot, Wot, Wot, Wot, Wot
Wot, Wot, Wot, Wot, Wot, Wot, Wot, Wot, Wot, Wot, Wot, Wot, Wot, Wot, Wot, Wot, Wot, Wot, Wot, Wot, Wot, Wot, Wot, Wot, Wot, Wot, Wot, Wot, Wot, Wot, Wot, Wot, Wot, Wot, Wot, Wot, Wot, Wot, Wot, Wot, Wot, Wot, Wot, Wot, Wot, Wot, Wot, Wot, Wot, Wot, Wot, Wot, Wot, Wot, Wot, Wot, Wot, Wot, Wot, Wot, Wot, Wot, Wot, Wot, Wot, Wot, Wot, Wot, Wot, Wot, Wot, Wot, Wot, Wot, Wot, Wot, Wot, Wot, Wot, Wot, Wot, Wot
